---
http_interactions:
- request:
    method: get
    uri: http://github.com/rspec/rspec-rails
    body:
      encoding: US-ASCII
      string: ''
    headers:
      User-Agent:
      - Faraday v0.9.0
      Accept-Encoding:
      - gzip;q=1.0,deflate;q=0.6,identity;q=0.3
      Accept:
      - "*/*"
  response:
    status:
      code: 301
      message: Moved Permanently
    headers:
      Content-Length:
      - '0'
      Location:
      - https://github.com/rspec/rspec-rails
      Connection:
      - close
    body:
      encoding: UTF-8
      string: ''
    http_version: 
  recorded_at: Sat, 21 Jun 2014 23:53:16 GMT
- request:
    method: get
    uri: https://api.github.com/repos/http://github/http://github
    body:
      encoding: US-ASCII
      string: ''
    headers:
      User-Agent:
      - Faraday v0.9.0
      Accept-Encoding:
      - gzip;q=1.0,deflate;q=0.6,identity;q=0.3
      Accept:
      - "*/*"
  response:
    status:
      code: 404
      message: Not Found
    headers:
      Server:
      - GitHub.com
      Date:
      - Sat, 21 Jun 2014 23:57:06 GMT
      Content-Type:
      - application/json; charset=utf-8
      Transfer-Encoding:
      - chunked
      Status:
      - 404 Not Found
      X-Ratelimit-Limit:
      - '60'
      X-Ratelimit-Remaining:
      - '59'
      X-Ratelimit-Reset:
      - '1403398626'
      X-Github-Media-Type:
      - github.v3
      X-Xss-Protection:
      - 1; mode=block
      X-Frame-Options:
      - deny
      Content-Security-Policy:
      - default-src 'none'
      Access-Control-Allow-Credentials:
      - 'true'
      Access-Control-Expose-Headers:
      - ETag, Link, X-GitHub-OTP, X-RateLimit-Limit, X-RateLimit-Remaining, X-RateLimit-Reset,
        X-OAuth-Scopes, X-Accepted-OAuth-Scopes, X-Poll-Interval
      Access-Control-Allow-Origin:
      - "*"
      X-Github-Request-Id:
      - 32C9BB81:01FE:132A660F:53A61BD2
      Strict-Transport-Security:
      - max-age=31536000
      X-Content-Type-Options:
      - nosniff
    body:
      encoding: UTF-8
      string: '{"message":"Not Found","documentation_url":"https://developer.github.com/v3"}'
    http_version: 
  recorded_at: Sat, 21 Jun 2014 23:57:06 GMT
- request:
    method: get
    uri: https://api.github.com/repos/http://github.com/rspec/rspec/rspec
    body:
      encoding: US-ASCII
      string: ''
    headers:
      User-Agent:
      - Faraday v0.9.0
      Accept-Encoding:
      - gzip;q=1.0,deflate;q=0.6,identity;q=0.3
      Accept:
      - "*/*"
  response:
    status:
      code: 404
      message: Not Found
    headers:
      Server:
      - GitHub.com
      Date:
      - Sat, 21 Jun 2014 23:58:09 GMT
      Content-Type:
      - application/json; charset=utf-8
      Transfer-Encoding:
      - chunked
      Status:
      - 404 Not Found
      X-Ratelimit-Limit:
      - '60'
      X-Ratelimit-Remaining:
      - '58'
      X-Ratelimit-Reset:
      - '1403398626'
      X-Github-Media-Type:
      - github.v3
      X-Xss-Protection:
      - 1; mode=block
      X-Frame-Options:
      - deny
      Content-Security-Policy:
      - default-src 'none'
      Access-Control-Allow-Credentials:
      - 'true'
      Access-Control-Expose-Headers:
      - ETag, Link, X-GitHub-OTP, X-RateLimit-Limit, X-RateLimit-Remaining, X-RateLimit-Reset,
        X-OAuth-Scopes, X-Accepted-OAuth-Scopes, X-Poll-Interval
      Access-Control-Allow-Origin:
      - "*"
      X-Github-Request-Id:
      - 32C9BB81:6288:136FA24A:53A61C11
      Strict-Transport-Security:
      - max-age=31536000
      X-Content-Type-Options:
      - nosniff
    body:
      encoding: UTF-8
      string: '{"message":"Not Found","documentation_url":"https://developer.github.com/v3"}'
    http_version: 
  recorded_at: Sat, 21 Jun 2014 23:58:09 GMT
- request:
    method: get
    uri: https://api.github.com/repos/http://github.com/rspec/rspec-rails
    body:
      encoding: US-ASCII
      string: ''
    headers:
      User-Agent:
      - Faraday v0.9.0
      Accept-Encoding:
      - gzip;q=1.0,deflate;q=0.6,identity;q=0.3
      Accept:
      - "*/*"
  response:
    status:
      code: 404
      message: Not Found
    headers:
      Server:
      - GitHub.com
      Date:
      - Sun, 22 Jun 2014 00:03:24 GMT
      Content-Type:
      - application/json; charset=utf-8
      Transfer-Encoding:
      - chunked
      Status:
      - 404 Not Found
      X-Ratelimit-Limit:
      - '60'
      X-Ratelimit-Remaining:
      - '57'
      X-Ratelimit-Reset:
      - '1403398626'
      X-Github-Media-Type:
      - github.v3
      X-Xss-Protection:
      - 1; mode=block
      X-Frame-Options:
      - deny
      Content-Security-Policy:
      - default-src 'none'
      Access-Control-Allow-Credentials:
      - 'true'
      Access-Control-Expose-Headers:
      - ETag, Link, X-GitHub-OTP, X-RateLimit-Limit, X-RateLimit-Remaining, X-RateLimit-Reset,
        X-OAuth-Scopes, X-Accepted-OAuth-Scopes, X-Poll-Interval
      Access-Control-Allow-Origin:
      - "*"
      X-Github-Request-Id:
      - 32C9BB81:01FE:132CB4D5:53A61D4C
      Strict-Transport-Security:
      - max-age=31536000
      X-Content-Type-Options:
      - nosniff
    body:
      encoding: UTF-8
      string: '{"message":"Not Found","documentation_url":"https://developer.github.com/v3"}'
    http_version: 
  recorded_at: Sun, 22 Jun 2014 00:03:24 GMT
- request:
    method: get
    uri: https://rubygems.org/api/v1/gems/rspec-rails.json
    body:
      encoding: US-ASCII
      string: ''
    headers:
      User-Agent:
      - Faraday v0.9.0
      Accept-Encoding:
      - gzip;q=1.0,deflate;q=0.6,identity;q=0.3
      Accept:
      - "*/*"
  response:
    status:
      code: 200
      message: OK
    headers:
      Server:
      - nginx
      Date:
      - Sun, 22 Jun 2014 00:04:02 GMT
      Content-Type:
      - application/json; charset=utf-8
      Transfer-Encoding:
      - chunked
      Connection:
      - keep-alive
      Status:
      - 200 OK
      X-Content-Type-Options:
      - nosniff
      X-Ua-Compatible:
      - IE=Edge,chrome=1
      - IE=Edge,chrome=1
      Etag:
      - '"3aeb73286018994c7d917e072bb0b89e"'
      Cache-Control:
      - max-age=0, private, must-revalidate
      Set-Cookie:
      - remember_token=; path=/; expires=Mon, 22-Jun-2015 00:04:02 GMT; secure
      X-Request-Id:
      - 22e2ae52f14b1959b0d6395663da6784
      X-Runtime:
      - '0.033111'
      X-Rack-Cache:
      - miss
    body:
      encoding: UTF-8
      string: '{"name":"rspec-rails","downloads":9622110,"version":"3.0.1","version_downloads":52316,"platform":"ruby","authors":"David
        Chelimsky, Andy Lindeman","info":"RSpec for Rails","licenses":["MIT"],"project_uri":"http://rubygems.org/gems/rspec-rails","gem_uri":"http://rubygems.org/gems/rspec-rails-3.0.1.gem","homepage_uri":"http://github.com/rspec/rspec-rails","wiki_uri":"","documentation_uri":"http://rubydoc.info/gems/rspec-rails/file/README.md","mailing_list_uri":"http://rubyforge.org/mailman/listinfo/rspec-users","source_code_uri":"http://github.com/rspec/rspec-rails","bug_tracker_uri":"https://github.com/rspec/rspec-rails/issues","dependencies":{"development":[{"name":"ammeter","requirements":"=
        1.0.0"},{"name":"aruba","requirements":"~> 0.4.11"},{"name":"cucumber","requirements":"~>
        1.3.5"},{"name":"rake","requirements":"~> 10.0.0"}],"runtime":[{"name":"actionpack","requirements":">=
        3.0"},{"name":"activesupport","requirements":">= 3.0"},{"name":"railties","requirements":">=
        3.0"},{"name":"rspec-core","requirements":"~> 3.0.0"},{"name":"rspec-expectations","requirements":"~>
        3.0.0"},{"name":"rspec-mocks","requirements":"~> 3.0.0"},{"name":"rspec-support","requirements":"~>
        3.0.0"}]}}'
    http_version: 
  recorded_at: Sun, 22 Jun 2014 00:04:02 GMT
- request:
    method: get
    uri: https://api.github.com/repos/rspec/rspec-rails
    body:
      encoding: US-ASCII
      string: ''
    headers:
      User-Agent:
      - Faraday v0.9.0
      Accept-Encoding:
      - gzip;q=1.0,deflate;q=0.6,identity;q=0.3
      Accept:
      - "*/*"
  response:
    status:
      code: 200
      message: OK
    headers:
      Server:
      - GitHub.com
      Date:
      - Sun, 22 Jun 2014 00:04:02 GMT
      Content-Type:
      - application/json; charset=utf-8
      Transfer-Encoding:
      - chunked
      Status:
      - 200 OK
      X-Ratelimit-Limit:
      - '60'
      X-Ratelimit-Remaining:
      - '56'
      X-Ratelimit-Reset:
      - '1403398626'
      Cache-Control:
      - public, max-age=60, s-maxage=60
      Last-Modified:
      - Sat, 21 Jun 2014 16:29:48 GMT
      Etag:
      - '"90d51f93ba01311337a9c4c1c3d1e891"'
      Vary:
      - Accept
      - Accept-Encoding
      X-Github-Media-Type:
      - github.v3
      X-Xss-Protection:
      - 1; mode=block
      X-Frame-Options:
      - deny
      Content-Security-Policy:
      - default-src 'none'
      Access-Control-Allow-Credentials:
      - 'true'
      Access-Control-Expose-Headers:
      - ETag, Link, X-GitHub-OTP, X-RateLimit-Limit, X-RateLimit-Remaining, X-RateLimit-Reset,
        X-OAuth-Scopes, X-Accepted-OAuth-Scopes, X-Poll-Interval
      Access-Control-Allow-Origin:
      - "*"
      X-Github-Request-Id:
      - 32C9BB81:4108:7F0CEA5:53A61D72
      Strict-Transport-Security:
      - max-age=31536000
      X-Content-Type-Options:
      - nosniff
      X-Served-By:
      - d818ddef80f4c7d10683dd483558952a
    body:
      encoding: UTF-8
      string: '{"id":447184,"name":"rspec-rails","full_name":"rspec/rspec-rails","owner":{"login":"rspec","id":22388,"avatar_url":"https://avatars.githubusercontent.com/u/22388?","gravatar_id":"e482036908235889a3439104bdbc3eb9","url":"https://api.github.com/users/rspec","html_url":"https://github.com/rspec","followers_url":"https://api.github.com/users/rspec/followers","following_url":"https://api.github.com/users/rspec/following{/other_user}","gists_url":"https://api.github.com/users/rspec/gists{/gist_id}","starred_url":"https://api.github.com/users/rspec/starred{/owner}{/repo}","subscriptions_url":"https://api.github.com/users/rspec/subscriptions","organizations_url":"https://api.github.com/users/rspec/orgs","repos_url":"https://api.github.com/users/rspec/repos","events_url":"https://api.github.com/users/rspec/events{/privacy}","received_events_url":"https://api.github.com/users/rspec/received_events","type":"Organization","site_admin":false},"private":false,"html_url":"https://github.com/rspec/rspec-rails","description":"RSpec
        for Rails-3+","fork":false,"url":"https://api.github.com/repos/rspec/rspec-rails","forks_url":"https://api.github.com/repos/rspec/rspec-rails/forks","keys_url":"https://api.github.com/repos/rspec/rspec-rails/keys{/key_id}","collaborators_url":"https://api.github.com/repos/rspec/rspec-rails/collaborators{/collaborator}","teams_url":"https://api.github.com/repos/rspec/rspec-rails/teams","hooks_url":"https://api.github.com/repos/rspec/rspec-rails/hooks","issue_events_url":"https://api.github.com/repos/rspec/rspec-rails/issues/events{/number}","events_url":"https://api.github.com/repos/rspec/rspec-rails/events","assignees_url":"https://api.github.com/repos/rspec/rspec-rails/assignees{/user}","branches_url":"https://api.github.com/repos/rspec/rspec-rails/branches{/branch}","tags_url":"https://api.github.com/repos/rspec/rspec-rails/tags","blobs_url":"https://api.github.com/repos/rspec/rspec-rails/git/blobs{/sha}","git_tags_url":"https://api.github.com/repos/rspec/rspec-rails/git/tags{/sha}","git_refs_url":"https://api.github.com/repos/rspec/rspec-rails/git/refs{/sha}","trees_url":"https://api.github.com/repos/rspec/rspec-rails/git/trees{/sha}","statuses_url":"https://api.github.com/repos/rspec/rspec-rails/statuses/{sha}","languages_url":"https://api.github.com/repos/rspec/rspec-rails/languages","stargazers_url":"https://api.github.com/repos/rspec/rspec-rails/stargazers","contributors_url":"https://api.github.com/repos/rspec/rspec-rails/contributors","subscribers_url":"https://api.github.com/repos/rspec/rspec-rails/subscribers","subscription_url":"https://api.github.com/repos/rspec/rspec-rails/subscription","commits_url":"https://api.github.com/repos/rspec/rspec-rails/commits{/sha}","git_commits_url":"https://api.github.com/repos/rspec/rspec-rails/git/commits{/sha}","comments_url":"https://api.github.com/repos/rspec/rspec-rails/comments{/number}","issue_comment_url":"https://api.github.com/repos/rspec/rspec-rails/issues/comments/{number}","contents_url":"https://api.github.com/repos/rspec/rspec-rails/contents/{+path}","compare_url":"https://api.github.com/repos/rspec/rspec-rails/compare/{base}...{head}","merges_url":"https://api.github.com/repos/rspec/rspec-rails/merges","archive_url":"https://api.github.com/repos/rspec/rspec-rails/{archive_format}{/ref}","downloads_url":"https://api.github.com/repos/rspec/rspec-rails/downloads","issues_url":"https://api.github.com/repos/rspec/rspec-rails/issues{/number}","pulls_url":"https://api.github.com/repos/rspec/rspec-rails/pulls{/number}","milestones_url":"https://api.github.com/repos/rspec/rspec-rails/milestones{/number}","notifications_url":"https://api.github.com/repos/rspec/rspec-rails/notifications{?since,all,participating}","labels_url":"https://api.github.com/repos/rspec/rspec-rails/labels{/name}","releases_url":"https://api.github.com/repos/rspec/rspec-rails/releases{/id}","created_at":"2009-12-23T16:40:53Z","updated_at":"2014-06-21T16:29:48Z","pushed_at":"2014-06-21T16:29:48Z","git_url":"git://github.com/rspec/rspec-rails.git","ssh_url":"git@github.com:rspec/rspec-rails.git","clone_url":"https://github.com/rspec/rspec-rails.git","svn_url":"https://github.com/rspec/rspec-rails","homepage":"http://relishapp.com/rspec/rspec-rails","size":8245,"stargazers_count":1940,"watchers_count":1940,"language":"Ruby","has_issues":true,"has_downloads":false,"has_wiki":false,"forks_count":385,"mirror_url":null,"open_issues_count":16,"forks":385,"open_issues":16,"watchers":1940,"default_branch":"master","organization":{"login":"rspec","id":22388,"avatar_url":"https://avatars.githubusercontent.com/u/22388?","gravatar_id":"e482036908235889a3439104bdbc3eb9","url":"https://api.github.com/users/rspec","html_url":"https://github.com/rspec","followers_url":"https://api.github.com/users/rspec/followers","following_url":"https://api.github.com/users/rspec/following{/other_user}","gists_url":"https://api.github.com/users/rspec/gists{/gist_id}","starred_url":"https://api.github.com/users/rspec/starred{/owner}{/repo}","subscriptions_url":"https://api.github.com/users/rspec/subscriptions","organizations_url":"https://api.github.com/users/rspec/orgs","repos_url":"https://api.github.com/users/rspec/repos","events_url":"https://api.github.com/users/rspec/events{/privacy}","received_events_url":"https://api.github.com/users/rspec/received_events","type":"Organization","site_admin":false},"network_count":385,"subscribers_count":81}'
    http_version: 
  recorded_at: Sun, 22 Jun 2014 00:04:02 GMT
- request:
    method: get
    uri: https://rubygems.org/api/v1/gems/meta-tags.json
    body:
      encoding: US-ASCII
      string: ''
    headers:
      User-Agent:
      - Faraday v0.9.0
      Accept-Encoding:
      - gzip;q=1.0,deflate;q=0.6,identity;q=0.3
      Accept:
      - "*/*"
  response:
    status:
      code: 200
      message: OK
    headers:
      Server:
      - nginx
      Date:
      - Sun, 22 Jun 2014 00:10:23 GMT
      Content-Type:
      - application/json; charset=utf-8
      Transfer-Encoding:
      - chunked
      Connection:
      - keep-alive
      Status:
      - 200 OK
      X-Content-Type-Options:
      - nosniff
      X-Ua-Compatible:
      - IE=Edge,chrome=1
      - IE=Edge,chrome=1
      Etag:
      - '"f0c0f0ab0cc12ec226772966e6a3581d"'
      Cache-Control:
      - max-age=0, private, must-revalidate
      Set-Cookie:
      - remember_token=; path=/; expires=Mon, 22-Jun-2015 00:10:23 GMT; secure
      X-Request-Id:
      - e4e4e3340e3401fb688b9e12e7baf077
      X-Runtime:
      - '0.032111'
      X-Rack-Cache:
      - miss
    body:
      encoding: UTF-8
      string: '{"name":"meta-tags","downloads":158749,"version":"2.0.0","version_downloads":8526,"platform":"ruby","authors":"Dmytro
        Shteflyuk","info":"Search Engine Optimization (SEO) plugin for Ruby on Rails
        applications.","licenses":[],"project_uri":"http://rubygems.org/gems/meta-tags","gem_uri":"http://rubygems.org/gems/meta-tags-2.0.0.gem","homepage_uri":"http://github.com/kpumuk/meta-tags","wiki_uri":"","documentation_uri":"http://rdoc.info/projects/kpumuk/meta-tags","mailing_list_uri":"","source_code_uri":"http://github.com/kpumuk/meta-tags","bug_tracker_uri":"http://github.com/kpumuk/meta-tags/issues","dependencies":{"development":[{"name":"bluecloth","requirements":">=
        0"},{"name":"rake","requirements":">= 0"},{"name":"rspec","requirements":">=
        0"},{"name":"yard","requirements":">= 0"}],"runtime":[{"name":"actionpack","requirements":">=
        3.0.0"}]}}'
    http_version: 
  recorded_at: Sun, 22 Jun 2014 00:10:24 GMT
- request:
    method: get
    uri: https://api.github.com/repos/kpumuk/meta-tags
    body:
      encoding: US-ASCII
      string: ''
    headers:
      User-Agent:
      - Faraday v0.9.0
      Accept-Encoding:
      - gzip;q=1.0,deflate;q=0.6,identity;q=0.3
      Accept:
      - "*/*"
  response:
    status:
      code: 200
      message: OK
    headers:
      Server:
      - GitHub.com
      Date:
      - Sun, 22 Jun 2014 00:10:24 GMT
      Content-Type:
      - application/json; charset=utf-8
      Transfer-Encoding:
      - chunked
      Status:
      - 200 OK
      X-Ratelimit-Limit:
      - '60'
      X-Ratelimit-Remaining:
      - '54'
      X-Ratelimit-Reset:
      - '1403398626'
      Cache-Control:
      - public, max-age=60, s-maxage=60
      Last-Modified:
      - Sat, 21 Jun 2014 17:50:26 GMT
      Etag:
      - '"87331223276b98b94d4a775ae43e9d46"'
      Vary:
      - Accept
      - Accept-Encoding
      X-Github-Media-Type:
      - github.v3
      X-Xss-Protection:
      - 1; mode=block
      X-Frame-Options:
      - deny
      Content-Security-Policy:
      - default-src 'none'
      Access-Control-Allow-Credentials:
      - 'true'
      Access-Control-Expose-Headers:
      - ETag, Link, X-GitHub-OTP, X-RateLimit-Limit, X-RateLimit-Remaining, X-RateLimit-Reset,
        X-OAuth-Scopes, X-Accepted-OAuth-Scopes, X-Poll-Interval
      Access-Control-Allow-Origin:
      - "*"
      X-Github-Request-Id:
      - 32C9BB81:6286:BF77D04:53A61EF0
      Strict-Transport-Security:
      - max-age=31536000
      X-Content-Type-Options:
      - nosniff
      X-Served-By:
      - a8d8e492d6966f0c23dee2eed64c678a
    body:
      encoding: UTF-8
      string: '{"id":53374,"name":"meta-tags","full_name":"kpumuk/meta-tags","owner":{"login":"kpumuk","id":10163,"avatar_url":"https://avatars.githubusercontent.com/u/10163?","gravatar_id":"7fd8114f07629abb06a0cd7b3a2b979a","url":"https://api.github.com/users/kpumuk","html_url":"https://github.com/kpumuk","followers_url":"https://api.github.com/users/kpumuk/followers","following_url":"https://api.github.com/users/kpumuk/following{/other_user}","gists_url":"https://api.github.com/users/kpumuk/gists{/gist_id}","starred_url":"https://api.github.com/users/kpumuk/starred{/owner}{/repo}","subscriptions_url":"https://api.github.com/users/kpumuk/subscriptions","organizations_url":"https://api.github.com/users/kpumuk/orgs","repos_url":"https://api.github.com/users/kpumuk/repos","events_url":"https://api.github.com/users/kpumuk/events{/privacy}","received_events_url":"https://api.github.com/users/kpumuk/received_events","type":"User","site_admin":false},"private":false,"html_url":"https://github.com/kpumuk/meta-tags","description":"Search
        Engine Optimization (SEO) plugin for Ruby on Rails applications.","fork":false,"url":"https://api.github.com/repos/kpumuk/meta-tags","forks_url":"https://api.github.com/repos/kpumuk/meta-tags/forks","keys_url":"https://api.github.com/repos/kpumuk/meta-tags/keys{/key_id}","collaborators_url":"https://api.github.com/repos/kpumuk/meta-tags/collaborators{/collaborator}","teams_url":"https://api.github.com/repos/kpumuk/meta-tags/teams","hooks_url":"https://api.github.com/repos/kpumuk/meta-tags/hooks","issue_events_url":"https://api.github.com/repos/kpumuk/meta-tags/issues/events{/number}","events_url":"https://api.github.com/repos/kpumuk/meta-tags/events","assignees_url":"https://api.github.com/repos/kpumuk/meta-tags/assignees{/user}","branches_url":"https://api.github.com/repos/kpumuk/meta-tags/branches{/branch}","tags_url":"https://api.github.com/repos/kpumuk/meta-tags/tags","blobs_url":"https://api.github.com/repos/kpumuk/meta-tags/git/blobs{/sha}","git_tags_url":"https://api.github.com/repos/kpumuk/meta-tags/git/tags{/sha}","git_refs_url":"https://api.github.com/repos/kpumuk/meta-tags/git/refs{/sha}","trees_url":"https://api.github.com/repos/kpumuk/meta-tags/git/trees{/sha}","statuses_url":"https://api.github.com/repos/kpumuk/meta-tags/statuses/{sha}","languages_url":"https://api.github.com/repos/kpumuk/meta-tags/languages","stargazers_url":"https://api.github.com/repos/kpumuk/meta-tags/stargazers","contributors_url":"https://api.github.com/repos/kpumuk/meta-tags/contributors","subscribers_url":"https://api.github.com/repos/kpumuk/meta-tags/subscribers","subscription_url":"https://api.github.com/repos/kpumuk/meta-tags/subscription","commits_url":"https://api.github.com/repos/kpumuk/meta-tags/commits{/sha}","git_commits_url":"https://api.github.com/repos/kpumuk/meta-tags/git/commits{/sha}","comments_url":"https://api.github.com/repos/kpumuk/meta-tags/comments{/number}","issue_comment_url":"https://api.github.com/repos/kpumuk/meta-tags/issues/comments/{number}","contents_url":"https://api.github.com/repos/kpumuk/meta-tags/contents/{+path}","compare_url":"https://api.github.com/repos/kpumuk/meta-tags/compare/{base}...{head}","merges_url":"https://api.github.com/repos/kpumuk/meta-tags/merges","archive_url":"https://api.github.com/repos/kpumuk/meta-tags/{archive_format}{/ref}","downloads_url":"https://api.github.com/repos/kpumuk/meta-tags/downloads","issues_url":"https://api.github.com/repos/kpumuk/meta-tags/issues{/number}","pulls_url":"https://api.github.com/repos/kpumuk/meta-tags/pulls{/number}","milestones_url":"https://api.github.com/repos/kpumuk/meta-tags/milestones{/number}","notifications_url":"https://api.github.com/repos/kpumuk/meta-tags/notifications{?since,all,participating}","labels_url":"https://api.github.com/repos/kpumuk/meta-tags/labels{/name}","releases_url":"https://api.github.com/repos/kpumuk/meta-tags/releases{/id}","created_at":"2008-09-17T01:41:59Z","updated_at":"2014-06-21T17:50:26Z","pushed_at":"2014-04-15T15:08:43Z","git_url":"git://github.com/kpumuk/meta-tags.git","ssh_url":"git@github.com:kpumuk/meta-tags.git","clone_url":"https://github.com/kpumuk/meta-tags.git","svn_url":"https://github.com/kpumuk/meta-tags","homepage":"","size":956,"stargazers_count":655,"watchers_count":655,"language":"Ruby","has_issues":true,"has_downloads":true,"has_wiki":true,"forks_count":94,"mirror_url":null,"open_issues_count":2,"forks":94,"open_issues":2,"watchers":655,"default_branch":"master","network_count":94,"subscribers_count":21}'
    http_version: 
  recorded_at: Sun, 22 Jun 2014 00:10:24 GMT
recorded_with: VCR 2.9.0
